[31m[1mâ”œâ”€[0m
[31m[1mâ”‚[0m lorem ipsum
[31m[1mâ””â”€[0m[0m