moved {
  from = aws_instance.foo
  to   = aws_instance.bar
}