moved {
  from = aws_instance.foo
  to   = aws_instance.bar
}
moved {
  from = aws_instance.baz
  to   = aws_instance.qux
}