┌─ Summary
│ tfautomv made 30 comparisons and found 3 moves
│
│ 1 move within demo/module-a
│
│ 2 moves from demo/module-a and demo/module-b
│
│ 2 matches for random_pet.delta (delete) in demo/module-a
│
│ 0 matches for random_pet.felix (create) in demo/module-b
│
│ 0 matches for random_pet.echo (delete) in demo/module-a
└─