┌─ title
│ lorem ipsum
│ lorem ipsum
│ lorem ipsum
└─