[34m[1mâ”Œâ”€[0m [34m[1mtitle[0m
[34m[1mâ”‚[0m lorem ipsum
[34m[1mâ””â”€[0m[0m