terraform state mv "aws_instance.foo" "aws_instance.bar"
