terraform -chdir="/path/to/workdir" state mv "aws_instance.foo" "aws_instance.bar"
