terraform -chdir="/path/to/workdir" state mv "aws_instance.foo" "aws_instance.bar"
terraform -chdir="/path/to/workdir" state mv "aws_instance.baz" "aws_instance.qux"
