terragrunt -chdir="/path/to/workdir1" state pull > "/path/to/workdir1/.tfautomv.tfstate"
terragrunt -chdir="/path/to/workdir2" state pull > "/path/to/workdir2/.tfautomv.tfstate"
terragrunt state mv -state="/path/to/workdir1/.tfautomv.tfstate" -state-out="/path/to/workdir2/.tfautomv.tfstate" "aws_instance.foo" "aws_instance.bar"
terragrunt -chdir="/path/to/workdir1" state push ".tfautomv.tfstate"
terragrunt -chdir="/path/to/workdir2" state push ".tfautomv.tfstate"
