[36m[1mâ”Œâ”€[0m [36m[1mSummary[0m
[36m[1mâ”‚[0m tfautomv made [1m[35m30 comparisons[0m and found [1m[32m3 moves[0m
[36m[1mâ”‚[0m
[36m[1mâ”‚[0m [1m[32m1 move[0m within [1mdemo/module-a[0m
[36m[1mâ”‚[0m
[36m[1mâ”‚[0m [1m[32m2 moves[0m from [1mdemo/module-a[0m and [1mdemo/module-b[0m
[36m[1mâ”‚[0m
[36m[1mâ”‚[0m [1m[35m2 matches[0m for [1mrandom_pet.delta[0m ([31m[1mdelete[0m)[0m in [1mdemo/module-a[0m
[36m[1mâ”‚[0m
[36m[1mâ”‚[0m [1m[31m0 matches[0m for [1mrandom_pet.felix[0m ([32m[1mcreate[0m)[0m in [1mdemo/module-b[0m
[36m[1mâ”‚[0m
[36m[1mâ”‚[0m [1m[31m0 matches[0m for [1mrandom_pet.echo[0m ([31m[1mdelete[0m)[0m in [1mdemo/module-a[0m
[36m[1mâ””â”€[0m[0m